// Jest Snapshot v1, https://goo.gl/fbAQLP

exports[`message files should have no changes to duplicate strings 1`] = `
"[
  {
    "en": "Language requirement",
    "fr": [
      "Exigence linguistique",
      "Exigences relatives à la langue"
    ]
  },
  {
    "en": "Minimum education",
    "fr": [
      "Niveau d'études minimal",
      "Études minimales"
    ]
  },
  {
    "en": "Application",
    "fr": [
      "La demande",
      "Candidature"
    ]
  },
  {
    "en": "Required",
    "fr": [
      "Requises",
      "Champ obligatoire"
    ]
  },
  {
    "en": "Skill requirements",
    "fr": [
      "Exigences relatives aux compétences",
      "Exigences en matière de compétences"
    ]
  },
  {
    "en": "Optional",
    "fr": [
      "Facultatives",
      "Facultatif"
    ]
  },
  {
    "en": "About this role",
    "fr": [
      "À propos de ce rôle",
      "Au sujet de ce rôle"
    ]
  }
]"
`;
