// Jest Snapshot v1, https://goo.gl/fbAQLP

exports[`message files should have no changes to duplicate strings 1`] = `
"[
  {
    "en": "Work stream information",
    "fr": [
      "Informations sur le volet de travail",
      "Informations sur les volets de travail"
    ]
  },
  {
    "en": "Community roles",
    "fr": [
      "Rôles dans la collectivité",
      "Rôles dans des collectivités"
    ]
  },
  {
    "en": "Create skill",
    "fr": [
      "Créez une compétence",
      "Créez la compétence"
    ]
  },
  {
    "en": "Language requirement",
    "fr": [
      "Exigence linguistique",
      "Exigences relatives à la langue"
    ]
  },
  {
    "en": "Add individual role",
    "fr": [
      "Ajoutez un rôle individuel",
      "Ajouter un rôle individue"
    ]
  },
  {
    "en": "Minimum education",
    "fr": [
      "Niveau d'études minimal",
      "Études minimales"
    ]
  },
  {
    "en": "Remove candidate",
    "fr": [
      "Supprimer le (la) candidat(e)",
      "Supprimez le (la) candidat(e)"
    ]
  },
  {
    "en": "Remove from process",
    "fr": [
      "Retirez du processus",
      "Retirer du processus"
    ]
  },
  {
    "en": "Add member",
    "fr": [
      "Ajouter un membre",
      "Ajoutez un membre"
    ]
  },
  {
    "en": "Apply now",
    "fr": [
      "Postulez dès-maintenant",
      "Présentez votre demande"
    ]
  },
  {
    "en": "Create training opportunity",
    "fr": [
      "Créez une possibilité de formation",
      "Créez la possibilité de formation"
    ]
  },
  {
    "en": "Create community",
    "fr": [
      "Créez une collectivité",
      "Créer une collectivité"
    ]
  },
  {
    "en": "Create work stream",
    "fr": [
      "Créez un volet de travail",
      "Créez le volet de travail"
    ]
  },
  {
    "en": "Add process role",
    "fr": [
      "Ajoutez un rôle dans le processus",
      "Ajouter des rôles dans des processus"
    ]
  },
  {
    "en": "Create department",
    "fr": [
      "Créez un ministère",
      "Créez le ministère"
    ]
  },
  {
    "en": "Add community role",
    "fr": [
      "Ajouter un rôle dans la collectivité",
      "Ajoutez un rôle dans la collectivité"
    ]
  },
  {
    "en": "Request a voucher",
    "fr": [
      "Demander un bon",
      "Demandez un bon"
    ]
  },
  {
    "en": "Skill requirements",
    "fr": [
      "Exigences relatives aux compétences",
      "Exigences en matière de compétences"
    ]
  },
  {
    "en": "Create skill family",
    "fr": [
      "Créez un groupe de compétences",
      "Créez le groupe de compétences"
    ]
  },
  {
    "en": "Create process",
    "fr": [
      "Créer un processus",
      "Créez un processus"
    ]
  },
  {
    "en": "Remove from community",
    "fr": [
      "Retirez de la collectivité",
      "Retirer de la collectivité"
    ]
  },
  {
    "en": "About this role",
    "fr": [
      "À propos de ce rôle",
      "Au sujet de ce rôle"
    ]
  }
]"
`;
