// Vitest Snapshot v1, https://vitest.dev/guide/snapshot.html

exports[`message files > should have no changes to duplicate strings 1`] = `
"[
  {
    "en": "Education requirement",
    "fr": [
      "Exigences en matière d'études",
      "Exigence d’études"
    ]
  },
  {
    "en": "Work stream information",
    "fr": [
      "Informations sur le volet de travail",
      "Informations sur les volets de travail"
    ]
  },
  {
    "en": "Submitted",
    "fr": [
      "Soumise",
      "Soumis"
    ]
  },
  {
    "en": "Add user to recruitment process",
    "fr": [
      "Ajouter l'utilisateur au processus de recrutement",
      "Ajouter l'utilisateur à un processus de recrutement"
    ]
  },
  {
    "en": "Interested in training",
    "fr": [
      "Intérêt pour la formation",
      "La formation m'intéresse"
    ]
  },
  {
    "en": "What to expect",
    "fr": [
      "À quoi s’attendre",
      "Prochaines étapes"
    ]
  },
  {
    "en": "Nominate talent",
    "fr": [
      "Nommez un talent",
      "Présentez une mise en candidature"
    ]
  },
  {
    "en": "Not interested",
    "fr": [
      "Non intéressé(e)",
      "Ce programme ne m'intéresse pas",
      "Pas d'intérêt"
    ]
  },
  {
    "en": "cloud computing",
    "fr": [
      "intégration de systèmes",
      "l'informatique en nuage;"
    ]
  },
  {
    "en": "Citizenship status",
    "fr": [
      "Statut de citoyenneté",
      "Statut de citoyen"
    ]
  },
  {
    "en": "Community roles",
    "fr": [
      "Rôles dans la collectivité",
      "Rôles dans des collectivités"
    ]
  },
  {
    "en": "Create skill",
    "fr": [
      "Créer une compétence",
      "Créer la compétence"
    ]
  },
  {
    "en": "More information",
    "fr": [
      "Informations complémentaires",
      "Renseignements supplémentaires"
    ]
  },
  {
    "en": "Language requirement",
    "fr": [
      "Exigence linguistique",
      "Exigences relatives à la langue"
    ]
  },
  {
    "en": "cyber security",
    "fr": [
      "la cybersécurité;",
      "cybersécurité"
    ]
  },
  {
    "en": "Submit",
    "fr": [
      "Soumettre",
      "Soumettez"
    ]
  },
  {
    "en": "Preferred contact language",
    "fr": [
      "Langue de contact préférée",
      "Langue de correspondance préférée"
    ]
  },
  {
    "en": "Review and submit",
    "fr": [
      "Révisez votre candidature et envoyez-la",
      "Revoir et soumettre"
    ]
  },
  {
    "en": "Additional comments",
    "fr": [
      "Autres commentaires",
      "Commentaires supplémentaires"
    ]
  },
  {
    "en": "Minimum education",
    "fr": [
      "Niveau d'études minimal",
      "Études minimales"
    ]
  },
  {
    "en": "By focusing on measurable skills, the platform reduces bias, removes barriers, and promotes diversity and equity by valuing abilities gained through non-traditional education, lived experience, and previous industry experience.",
    "fr": [
      "En mettant l’accent sur des compétences mesurables, la plateforme réduit les préjugés, élimine les obstacles et favorise la diversité et l’équité, car elle valorise les habiletés acquises grâce à un parcours d’apprentissage non traditionnel, à l’expérience vécue et à une expérience de travail dans l’industrie.",
      "En mettant l’accent sur les compétences mesurables, la plateforme réduit les préjugés, élimine les obstacles et favorise la diversité et l’équité, car elle valorise les habiletés acquises grâce à un parcours d’apprentissage non traditionnel, à l’expérience vécue et à une expérience de travail dans l’industrie."
    ]
  },
  {
    "en": "Archive department",
    "fr": [
      "Archivez le ministère",
      "Archivage du ministère"
    ]
  },
  {
    "en": "Remove candidate",
    "fr": [
      "Supprimer le (la) candidat(e)",
      "Supprimez le (la) candidat(e)"
    ]
  },
  {
    "en": "Remove from process",
    "fr": [
      "Retirez du processus",
      "Retirer du processus"
    ]
  },
  {
    "en": "Apply now",
    "fr": [
      "Postulez dès maintenant",
      "Présenter une demande"
    ]
  },
  {
    "en": "Sign up",
    "fr": [
      "S'inscrire",
      "S'enregistrer"
    ]
  },
  {
    "en": "Qualified",
    "fr": [
      "Qualifié",
      "Qualifié(e)"
    ]
  },
  {
    "en": "Create training opportunity",
    "fr": [
      "Créer une possibilité de formation",
      "Créer la possibilité de formation"
    ]
  },
  {
    "en": "Contact us",
    "fr": [
      "Pour nous joindre",
      "Nous joindre"
    ]
  },
  {
    "en": "Create work stream",
    "fr": [
      "Créer un volet de travail",
      "Créer le volet de travail"
    ]
  },
  {
    "en": "Add process role",
    "fr": [
      "Ajouter un rôle dans le processus",
      "Ajouter des rôles dans des processus"
    ]
  },
  {
    "en": "Flexible work location options",
    "fr": [
      "Options de lieu de travail flexible",
      "Options flexibles de lieu de travail"
    ]
  },
  {
    "en": "Create department",
    "fr": [
      "Créer un ministère",
      "Créer le ministère"
    ]
  },
  {
    "en": "Restore department",
    "fr": [
      "Restaurez le ministère",
      "Restauration du ministère"
    ]
  },
  {
    "en": "Work location preferences",
    "fr": [
      "Préférences pour le lieu de travail",
      "Préférences de lieu de travail"
    ]
  },
  {
    "en": "The skills library is a centralized resource that defines and organizes key skills of the functional communities using the platform. It provides clear descriptions of each skill, helping create a shared understanding for hiring managers, HR professionals, and candidates alike.",
    "fr": [
      "La bibliothèque de compétences est une ressource centralisée dans laquelle les principales compétences des collectivités fonctionnelles qui utilisent la plateforme sont définies et organisées. En fournissant des descriptions claires de chaque compétence, elle favorise une compréhension commune des responsables du recrutement, des membres des ressources humaines et des personnes candidates.",
      "La Bibliothèque de compétences est une ressource centralisée dans laquelle les principales compétences des collectivités fonctionnelles qui utilisent la plateforme sont définies et organisées. Elle fournit des descriptions claires de chacune des compétences, pour que les gestionnaires d’embauche, les spécialistes des RH et les personnes qui postulent comprennent la même chose."
    ]
  },
  {
    "en": "Add work streams",
    "fr": [
      "Ajouter des volets de travail",
      "Ajouter les volets de travail"
    ]
  },
  {
    "en": "Request a voucher",
    "fr": [
      "Demander un bon",
      "Demandez un bon"
    ]
  },
  {
    "en": "Create skill family",
    "fr": [
      "Créer un groupe de compétences",
      "Créer le groupe de compétences"
    ]
  },
  {
    "en": "Remove from community",
    "fr": [
      "Retirez de la collectivité",
      "Retirer de la collectivité"
    ]
  },
  {
    "en": "About this role",
    "fr": [
      "À propos de ce rôle",
      "Au sujet de ce rôle"
    ]
  },
  {
    "en": "Nominee",
    "fr": [
      "La personne candidate",
      "Personne candidate"
    ]
  },
  {
    "en": "Browse jobs",
    "fr": [
      "Parcourir les emplois",
      "Parcourir les possibilités d'emploi"
    ]
  },
  {
    "en": "Applicant profile",
    "fr": [
      "Profil de candidature",
      "Profil du (de la) candidat(e)"
    ]
  }
]"
`;
